\BOOKMARK [0][-]{part.1}{\376\377\000I\000\040\000F\000o\000u\000n\000d\000a\000t\000i\000o\000n\000s}{}% 1
\BOOKMARK [1][-]{section.1}{\376\377\000I\000n\000t\000r\000o\000d\000u\000c\000t\000i\000o\000n}{part.1}% 2
\BOOKMARK [2][-]{subsection.1.1}{\376\377\000T\000h\000e\000\040\000Q\000u\000e\000s\000t\000i\000o\000n}{section.1}% 3
\BOOKMARK [2][-]{subsection.1.2}{\376\377\000T\000h\000e\000\040\000A\000p\000p\000r\000o\000a\000c\000h}{section.1}% 4
\BOOKMARK [2][-]{subsection.1.3}{\376\377\000T\000h\000e\000\040\000E\000m\000p\000i\000r\000i\000c\000a\000l\000\040\000A\000n\000c\000h\000o\000r}{section.1}% 5
\BOOKMARK [2][-]{subsection.1.4}{\376\377\000S\000t\000r\000u\000c\000t\000u\000r\000e\000\040\000o\000f\000\040\000t\000h\000e\000\040\000P\000a\000p\000e\000r}{section.1}% 6
\BOOKMARK [1][-]{section.2}{\376\377\000B\000o\000u\000n\000d\000e\000d\000\040\000P\000h\000a\000s\000e\000\040\000S\000p\000a\000c\000e\000\040\000a\000n\000d\000\040\000O\000s\000c\000i\000l\000l\000a\000t\000o\000r\000y\000\040\000N\000e\000c\000e\000s\000s\000i\000t\000y}{part.1}% 7
\BOOKMARK [2][-]{subsection.2.1}{\376\377\000T\000h\000e\000\040\000A\000x\000i\000o\000m}{section.2}% 8
\BOOKMARK [2][-]{subsection.2.2}{\376\377\000P\000o\000i\000n\000c\000a\000r\000\351\000\040\000R\000e\000c\000u\000r\000r\000e\000n\000c\000e}{section.2}% 9
\BOOKMARK [2][-]{subsection.2.3}{\376\377\000O\000s\000c\000i\000l\000l\000a\000t\000o\000r\000y\000\040\000N\000e\000c\000e\000s\000s\000i\000t\000y}{section.2}% 10
\BOOKMARK [1][-]{section.3}{\376\377\000T\000h\000e\000\040\000T\000r\000i\000p\000l\000e\000\040\000E\000q\000u\000i\000v\000a\000l\000e\000n\000c\000e\000\040\000a\000n\000d\000\040\000P\000a\000r\000t\000i\000t\000i\000o\000n\000\040\000C\000o\000o\000r\000d\000i\000n\000a\000t\000e\000s}{part.1}% 11
\BOOKMARK [2][-]{subsection.3.1}{\376\377\000T\000h\000r\000e\000e\000\040\000D\000e\000s\000c\000r\000i\000p\000t\000i\000o\000n\000s\000\040\000o\000f\000\040\000O\000n\000e\000\040\000S\000y\000s\000t\000e\000m}{section.3}% 12
\BOOKMARK [2][-]{subsection.3.2}{\376\377\000P\000a\000r\000t\000i\000t\000i\000o\000n\000\040\000C\000o\000o\000r\000d\000i\000n\000a\000t\000e\000s}{section.3}% 13
\BOOKMARK [2][-]{subsection.3.3}{\376\377\000C\000a\000t\000e\000g\000o\000r\000i\000c\000a\000l\000\040\000S\000t\000a\000t\000e\000\040\000S\000p\000a\000c\000e}{section.3}% 14
\BOOKMARK [1][-]{section.4}{\376\377\000P\000a\000r\000t\000i\000t\000i\000o\000n\000\040\000L\000a\000g\000\040\000a\000n\000d\000\040\000t\000h\000e\000\040\000U\000n\000i\000v\000e\000r\000s\000a\000l\000\040\000T\000r\000a\000n\000s\000p\000o\000r\000t\000\040\000F\000o\000r\000m\000u\000l\000a}{part.1}% 15
\BOOKMARK [2][-]{subsection.4.1}{\376\377\000P\000a\000r\000t\000i\000t\000i\000o\000n\000\040\000L\000a\000g}{section.4}% 16
\BOOKMARK [2][-]{subsection.4.2}{\376\377\000U\000n\000d\000e\000t\000e\000r\000m\000i\000n\000e\000d\000\040\000R\000e\000s\000i\000d\000u\000e}{section.4}% 17
\BOOKMARK [2][-]{subsection.4.3}{\376\377\000C\000o\000u\000p\000l\000i\000n\000g\000\040\000S\000t\000r\000e\000n\000g\000t\000h}{section.4}% 18
\BOOKMARK [2][-]{subsection.4.4}{\376\377\000T\000h\000e\000\040\000U\000n\000i\000v\000e\000r\000s\000a\000l\000\040\000T\000r\000a\000n\000s\000p\000o\000r\000t\000\040\000F\000o\000r\000m\000u\000l\000a}{section.4}% 19
\BOOKMARK [2][-]{subsection.4.5}{\376\377\000S\000p\000e\000c\000i\000a\000l\000i\000s\000a\000t\000i\000o\000n\000s}{section.4}% 20
\BOOKMARK [0][-]{part.2}{\376\377\000I\000I\000\040\000D\000e\000r\000i\000v\000a\000t\000i\000o\000n\000s\000\040\000f\000r\000o\000m\000\040\000F\000i\000r\000s\000t\000\040\000P\000r\000i\000n\000c\000i\000p\000l\000e\000s}{}% 21
\BOOKMARK [1][-]{section.5}{\376\377\000F\000l\000u\000i\000d\000\040\000D\000y\000n\000a\000m\000i\000c\000s\000\040\000f\000r\000o\000m\000\040\000P\000a\000r\000t\000i\000t\000i\000o\000n\000\040\000N\000e\000t\000w\000o\000r\000k\000s}{part.2}% 22
\BOOKMARK [2][-]{subsection.5.1}{\376\377\000N\000e\000t\000w\000o\000r\000k\000\040\000D\000e\000n\000s\000i\000t\000y\000\040\000a\000n\000d\000\040\000P\000h\000a\000s\000e\000\040\000C\000l\000a\000s\000s\000i\000f\000i\000c\000a\000t\000i\000o\000n}{section.5}% 23
\BOOKMARK [2][-]{subsection.5.2}{\376\377\000V\000i\000s\000c\000o\000s\000i\000t\000y\000\040\000f\000r\000o\000m\000\040\000P\000a\000r\000t\000i\000t\000i\000o\000n\000\040\000L\000a\000g}{section.5}% 24
\BOOKMARK [2][-]{subsection.5.3}{\376\377\000K\000i\000r\000c\000h\000h\000o\000f\000f\000'\000s\000\040\000L\000a\000w\000s\000\040\000o\000n\000\040\000P\000a\000r\000t\000i\000t\000i\000o\000n\000\040\000N\000e\000t\000w\000o\000r\000k\000s}{section.5}% 25
\BOOKMARK [2][-]{subsection.5.4}{\376\377\000N\000a\000v\000i\000e\000r\040\023\000S\000t\000o\000k\000e\000s\000\040\000f\000r\000o\000m\000\040\000K\000i\000r\000c\000h\000h\000o\000f\000f}{section.5}% 26
\BOOKMARK [2][-]{subsection.5.5}{\376\377\000D\000i\000f\000f\000u\000s\000i\000o\000n\000\040\000a\000n\000d\000\040\000H\000e\000a\000t\000\040\000C\000o\000n\000d\000u\000c\000t\000i\000o\000n}{section.5}% 27
\BOOKMARK [1][-]{section.6}{\376\377\000C\000a\000t\000e\000g\000o\000r\000i\000c\000a\000l\000\040\000S\000t\000a\000t\000e\000\040\000P\000r\000o\000p\000a\000g\000a\000t\000i\000o\000n\000\040\000a\000n\000d\000\040\000M\000a\000x\000w\000e\000l\000l\000'\000s\000\040\000E\000q\000u\000a\000t\000i\000o\000n\000s}{part.2}% 28
\BOOKMARK [2][-]{subsection.6.1}{\376\377\000P\000h\000a\000s\000e\000-\000L\000o\000c\000k\000e\000d\000\040\000N\000e\000t\000w\000o\000r\000k\000s\000\040\000i\000n\000\040\000C\000o\000n\000d\000u\000c\000t\000o\000r\000s}{section.6}% 29
\BOOKMARK [2][-]{subsection.6.2}{\376\377\000S\000i\000g\000n\000a\000l\000\040\000V\000e\000l\000o\000c\000i\000t\000y}{section.6}% 30
\BOOKMARK [2][-]{subsection.6.3}{\376\377\000T\000h\000e\000\040\000V\000e\000l\000o\000c\000i\000t\000y\000\040\000R\000a\000t\000i\000o}{section.6}% 31
\BOOKMARK [2][-]{subsection.6.4}{\376\377\000N\000e\000w\000t\000o\000n\000'\000s\000\040\000C\000r\000a\000d\000l\000e\000\040\000M\000e\000c\000h\000a\000n\000i\000s\000m}{section.6}% 32
\BOOKMARK [2][-]{subsection.6.5}{\376\377\000R\000e\000s\000i\000s\000t\000i\000v\000i\000t\000y\000\040\000f\000r\000o\000m\000\040\000P\000a\000r\000t\000i\000t\000i\000o\000n\000\040\000L\000a\000g}{section.6}% 33
\BOOKMARK [2][-]{subsection.6.6}{\376\377\000K\000i\000r\000c\000h\000h\000o\000f\000f\000'\000s\000\040\000L\000a\000w\000s\000\040\000a\000n\000d\000\040\000J\000o\000u\000l\000e\000\040\000H\000e\000a\000t\000i\000n\000g}{section.6}% 34
\BOOKMARK [2][-]{subsection.6.7}{\376\377\000W\000i\000e\000d\000e\000m\000a\000n\000n\040\023\000F\000r\000a\000n\000z\000\040\000L\000a\000w\000\040\000f\000r\000o\000m\000\040\000C\000o\000m\000m\000o\000n\000\040\000P\000a\000r\000t\000i\000t\000i\000o\000n\000\040\000S\000t\000r\000u\000c\000t\000u\000r\000e}{section.6}% 35
\BOOKMARK [2][-]{subsection.6.8}{\376\377\000M\000a\000x\000w\000e\000l\000l\000'\000s\000\040\000E\000q\000u\000a\000t\000i\000o\000n\000s\000\040\000f\000r\000o\000m\000\040\000C\000a\000t\000e\000g\000o\000r\000i\000c\000a\000l\000\040\000P\000r\000o\000p\000a\000g\000a\000t\000i\000o\000n}{section.6}% 36
\BOOKMARK [1][-]{section.7}{\376\377\000L\000i\000g\000h\000t\000\040\000f\000r\000o\000m\000\040\000P\000a\000r\000t\000i\000t\000i\000o\000n\000\040\000O\000p\000e\000r\000a\000t\000i\000o\000n\000s}{part.2}% 37
\BOOKMARK [2][-]{subsection.7.1}{\376\377\000T\000h\000e\000\040\000N\000e\000c\000e\000s\000s\000i\000t\000y\000\040\000o\000f\000\040\000a\000\040\000M\000e\000d\000i\000a\000t\000o\000r}{section.7}% 38
\BOOKMARK [2][-]{subsection.7.2}{\376\377\000S\000p\000e\000e\000d\000\040\000o\000f\000\040\000L\000i\000g\000h\000t\000\040\000f\000r\000o\000m\000\040\000P\000a\000r\000t\000i\000t\000i\000o\000n\000\040\000G\000e\000o\000m\000e\000t\000r\000y}{section.7}% 39
\BOOKMARK [2][-]{subsection.7.3}{\376\377\000P\000h\000o\000t\000o\000n\000\040\000E\000n\000e\000r\000g\000y\000\040\000Q\000u\000a\000n\000t\000i\000s\000a\000t\000i\000o\000n}{section.7}% 40
\BOOKMARK [2][-]{subsection.7.4}{\376\377\000W\000a\000v\000e\040\023\000P\000a\000r\000t\000i\000c\000l\000e\000\040\000D\000u\000a\000l\000i\000t\000y}{section.7}% 41
\BOOKMARK [2][-]{subsection.7.5}{\376\377\000P\000o\000l\000a\000r\000i\000s\000a\000t\000i\000o\000n\000\040\000a\000n\000d\000\040\000A\000n\000g\000u\000l\000a\000r\000\040\000M\000o\000m\000e\000n\000t\000u\000m}{section.7}% 42
\BOOKMARK [2][-]{subsection.7.6}{\376\377\000T\000h\000e\000\040\000E\000l\000e\000c\000t\000r\000o\000m\000a\000g\000n\000e\000t\000i\000c\000\040\000S\000p\000e\000c\000t\000r\000u\000m}{section.7}% 43
\BOOKMARK [0][-]{part.3}{\376\377\000I\000I\000I\000\040\000P\000a\000r\000t\000i\000t\000i\000o\000n\000\040\000E\000x\000t\000i\000n\000c\000t\000i\000o\000n}{}% 44
\BOOKMARK [1][-]{section.8}{\376\377\000T\000h\000e\000\040\000P\000a\000r\000t\000i\000t\000i\000o\000n\000\040\000E\000x\000t\000i\000n\000c\000t\000i\000o\000n\000\040\000T\000h\000e\000o\000r\000e\000m}{part.3}% 45
\BOOKMARK [2][-]{subsection.8.1}{\376\377\000T\000h\000e\000\040\000T\000h\000e\000o\000r\000e\000m}{section.8}% 46
\BOOKMARK [2][-]{subsection.8.2}{\376\377\000A\000p\000p\000l\000i\000c\000a\000t\000i\000o\000n\000\040\000t\000o\000\040\000S\000u\000p\000e\000r\000c\000o\000n\000d\000u\000c\000t\000i\000v\000i\000t\000y}{section.8}% 47
\BOOKMARK [2][-]{subsection.8.3}{\376\377\000A\000p\000p\000l\000i\000c\000a\000t\000i\000o\000n\000\040\000t\000o\000\040\000S\000u\000p\000e\000r\000f\000l\000u\000i\000d\000i\000t\000y}{section.8}% 48
\BOOKMARK [2][-]{subsection.8.4}{\376\377\000A\000p\000p\000l\000i\000c\000a\000t\000i\000o\000n\000\040\000t\000o\000\040\000B\000o\000s\000e\040\023\000E\000i\000n\000s\000t\000e\000i\000n\000\040\000C\000o\000n\000d\000e\000n\000s\000a\000t\000i\000o\000n}{section.8}% 49
\BOOKMARK [1][-]{section.9}{\376\377\000U\000n\000i\000v\000e\000r\000s\000a\000l\000\040\000T\000r\000a\000n\000s\000p\000o\000r\000t\000\040\000f\000r\000o\000m\000\040\000U\000n\000i\000v\000e\000r\000s\000a\000l\000\040\000P\000a\000r\000t\000i\000t\000i\000o\000n\000\040\000S\000t\000r\000u\000c\000t\000u\000r\000e}{part.3}% 50
\BOOKMARK [2][-]{subsection.9.1}{\376\377\000T\000e\000m\000p\000e\000r\000a\000t\000u\000r\000e\000\040\000D\000e\000p\000e\000n\000d\000e\000n\000c\000e}{section.9}% 51
\BOOKMARK [2][-]{subsection.9.2}{\376\377\000B\000l\000o\000c\000h\040\023\000G\000r\000\374\000n\000e\000i\000s\000e\000n\000\040\000B\000e\000h\000a\000v\000i\000o\000u\000r}{section.9}% 52
\BOOKMARK [2][-]{subsection.9.3}{\376\377\000M\000a\000t\000t\000h\000i\000e\000s\000s\000e\000n\000'\000s\000\040\000R\000u\000l\000e}{section.9}% 53
\BOOKMARK [2][-]{subsection.9.4}{\376\377\000J\000o\000u\000l\000e\000\040\000H\000e\000a\000t\000i\000n\000g}{section.9}% 54
\BOOKMARK [0][-]{part.4}{\376\377\000I\000V\000\040\000T\000h\000e\000\040\000C\000i\000r\000c\000u\000i\000t\000-\000C\000o\000m\000p\000l\000e\000t\000i\000o\000n\000\040\000C\000h\000r\000o\000m\000a\000t\000o\000g\000r\000a\000p\000h}{}% 55
\BOOKMARK [1][-]{section.10}{\376\377\000T\000h\000r\000e\000e\000\040\000C\000o\000u\000p\000l\000e\000d\000\040\000P\000a\000r\000t\000i\000t\000i\000o\000n\000\040\000C\000h\000a\000n\000n\000e\000l\000s}{part.4}% 56
\BOOKMARK [2][-]{subsection.10.1}{\376\377\000I\000n\000s\000t\000r\000u\000m\000e\000n\000t\000\040\000C\000o\000n\000c\000e\000p\000t}{section.10}% 57
\BOOKMARK [2][-]{subsection.10.2}{\376\377\000T\000h\000e\000\040\000A\000n\000a\000l\000y\000t\000e\000\040\000a\000s\000\040\000P\000a\000r\000t\000i\000t\000i\000o\000n\000\040\000O\000p\000e\000r\000a\000t\000o\000r}{section.10}% 58
\BOOKMARK [2][-]{subsection.10.3}{\376\377\000T\000h\000r\000e\000e\000\040\000I\000n\000d\000e\000p\000e\000n\000d\000e\000n\000t\000\040\000P\000a\000r\000t\000i\000t\000i\000o\000n\000\040\000L\000a\000g\000s}{section.10}% 59
\BOOKMARK [2][-]{subsection.10.4}{\376\377\000T\000h\000r\000e\000e\000\040\000I\000n\000d\000e\000p\000e\000n\000d\000e\000n\000t\000\040\000E\000x\000t\000i\000n\000c\000t\000i\000o\000n\000\040\000T\000h\000r\000e\000s\000h\000o\000l\000d\000s}{section.10}% 60
\BOOKMARK [1][-]{section.11}{\376\377\000I\000o\000n\000i\000s\000a\000t\000i\000o\000n\000,\000\040\000D\000e\000t\000e\000c\000t\000i\000o\000n\000,\000\040\000a\000n\000d\000\040\000t\000h\000e\000\040\000S\000i\000n\000g\000l\000e\000\040\000C\000i\000r\000c\000u\000i\000t}{part.4}% 61
\BOOKMARK [2][-]{subsection.11.1}{\376\377\000I\000o\000n\000i\000s\000a\000t\000i\000o\000n\000\040\000a\000s\000\040\000P\000a\000r\000t\000i\000t\000i\000o\000n\000\040\000C\000r\000e\000a\000t\000i\000o\000n}{section.11}% 62
\BOOKMARK [2][-]{subsection.11.2}{\376\377\000D\000e\000t\000e\000c\000t\000i\000o\000n\000\040\000a\000s\000\040\000P\000a\000r\000t\000i\000t\000i\000o\000n\000\040\000C\000o\000m\000p\000l\000e\000t\000i\000o\000n}{section.11}% 63
\BOOKMARK [2][-]{subsection.11.3}{\376\377\000T\000h\000e\000\040\000S\000i\000n\000g\000l\000e\000\040\000C\000i\000r\000c\000u\000i\000t}{section.11}% 64
\BOOKMARK [1][-]{section.12}{\376\377\000S\000i\000x\000-\000D\000i\000m\000e\000n\000s\000i\000o\000n\000a\000l\000\040\000A\000n\000a\000l\000y\000t\000e\000\040\000F\000i\000n\000g\000e\000r\000p\000r\000i\000n\000t}{part.4}% 65
\BOOKMARK [2][-]{subsection.12.1}{\376\377\000T\000h\000e\000\040\000F\000i\000n\000g\000e\000r\000p\000r\000i\000n\000t}{section.12}% 66
\BOOKMARK [2][-]{subsection.12.2}{\376\377\000T\000h\000r\000e\000e\000\040\000O\000p\000e\000r\000a\000t\000i\000n\000g\000\040\000R\000e\000g\000i\000m\000e\000s\000\040\000p\000e\000r\000\040\000C\000h\000a\000n\000n\000e\000l}{section.12}% 67
\BOOKMARK [2][-]{subsection.12.3}{\376\377\000R\000e\000s\000o\000l\000v\000i\000n\000g\000\040\000P\000o\000w\000e\000r}{section.12}% 68
\BOOKMARK [0][-]{part.5}{\376\377\000V\000\040\000T\000h\000e\000\040\000G\000P\000U\000\040\000S\000h\000a\000d\000e\000r\000\040\000P\000i\000p\000e\000l\000i\000n\000e}{}% 69
\BOOKMARK [1][-]{section.13}{\376\377\000F\000i\000v\000e\000-\000P\000a\000s\000s\000\040\000I\000m\000p\000l\000e\000m\000e\000n\000t\000a\000t\000i\000o\000n}{part.5}% 70
\BOOKMARK [2][-]{subsection.13.1}{\376\377\000T\000h\000e\000\040\000G\000P\000U\000\040\000a\000s\000\040\000I\000n\000s\000t\000r\000u\000m\000e\000n\000t}{section.13}% 71
\BOOKMARK [2][-]{subsection.13.2}{\376\377\000P\000a\000s\000s\000\040\0000\000:\000\040\000S\000p\000e\000c\000t\000r\000a\000l\000\040\000E\000n\000c\000o\000d\000i\000n\000g}{section.13}% 72
\BOOKMARK [2][-]{subsection.13.3}{\376\377\000P\000a\000s\000s\000\040\0001\000:\000\040\000T\000h\000r\000e\000e\000-\000C\000h\000a\000n\000n\000e\000l\000\040\000P\000a\000r\000t\000i\000t\000i\000o\000n\000\040\000N\000e\000t\000w\000o\000r\000k}{section.13}% 73
\BOOKMARK [2][-]{subsection.13.4}{\376\377\000P\000a\000s\000s\000\040\0002\000:\000\040\000C\000i\000r\000c\000u\000i\000t\000-\000C\000o\000m\000p\000l\000e\000t\000i\000o\000n\000\040\000I\000n\000t\000e\000g\000r\000a\000t\000i\000o\000n}{section.13}% 74
\BOOKMARK [2][-]{subsection.13.5}{\376\377\000P\000a\000s\000s\000\040\0003\000:\000\040\000T\000r\000i\000p\000l\000e\000\040\000R\000a\000y\000-\000M\000a\000r\000c\000h\000\040\000O\000b\000s\000e\000r\000v\000a\000t\000i\000o\000n}{section.13}% 75
\BOOKMARK [2][-]{subsection.13.6}{\376\377\000P\000a\000s\000s\000\040\0004\000:\000\040\000E\000x\000t\000i\000n\000c\000t\000i\000o\000n\000\040\000D\000e\000t\000e\000c\000t\000i\000o\000n}{section.13}% 76
\BOOKMARK [0][-]{part.6}{\376\377\000V\000I\000\040\000V\000a\000l\000i\000d\000a\000t\000i\000o\000n}{}% 77
\BOOKMARK [1][-]{section.14}{\376\377\000E\000x\000p\000e\000r\000i\000m\000e\000n\000t\000a\000l\000\040\000V\000a\000l\000i\000d\000a\000t\000i\000o\000n}{part.6}% 78
\BOOKMARK [2][-]{subsection.14.1}{\376\377\000E\000x\000p\000e\000r\000i\000m\000e\000n\000t\000\040\0001\000:\000\040\000U\000n\000i\000v\000e\000r\000s\000a\000l\000\040\000T\000r\000a\000n\000s\000p\000o\000r\000t\000\040\000F\000o\000r\000m\000u\000l\000a}{section.14}% 79
\BOOKMARK [2][-]{subsection.14.2}{\376\377\000E\000x\000p\000e\000r\000i\000m\000e\000n\000t\000\040\0002\000:\000\040\000S\000p\000e\000e\000d\000\040\000o\000f\000\040\000L\000i\000g\000h\000t\000\040\000f\000r\000o\000m\000\040\000P\000a\000r\000t\000i\000t\000i\000o\000n\000\040\000G\000e\000o\000m\000e\000t\000r\000y}{section.14}% 80
\BOOKMARK [2][-]{subsection.14.3}{\376\377\000E\000x\000p\000e\000r\000i\000m\000e\000n\000t\000\040\0003\000:\000\040\000C\000r\000o\000s\000s\000-\000C\000h\000a\000n\000n\000e\000l\000\040\000P\000a\000r\000t\000i\000t\000i\000o\000n\000\040\000L\000a\000g\000\040\000C\000o\000n\000s\000i\000s\000t\000e\000n\000c\000y}{section.14}% 81
\BOOKMARK [2][-]{subsection.14.4}{\376\377\000E\000x\000p\000e\000r\000i\000m\000e\000n\000t\000\040\0004\000:\000\040\000P\000a\000r\000t\000i\000t\000i\000o\000n\000\040\000E\000x\000t\000i\000n\000c\000t\000i\000o\000n\000\040\000a\000t\000\040\000C\000r\000i\000t\000i\000c\000a\000l\000\040\000T\000e\000m\000p\000e\000r\000a\000t\000u\000r\000e\000s}{section.14}% 82
\BOOKMARK [2][-]{subsection.14.5}{\376\377\000E\000x\000p\000e\000r\000i\000m\000e\000n\000t\000\040\0005\000:\000\040\000S\000i\000x\000-\000D\000i\000m\000e\000n\000s\000i\000o\000n\000a\000l\000\040\000A\000n\000a\000l\000y\000t\000e\000\040\000F\000i\000n\000g\000e\000r\000p\000r\000i\000n\000t\000i\000n\000g}{section.14}% 83
\BOOKMARK [2][-]{subsection.14.6}{\376\377\000E\000x\000p\000e\000r\000i\000m\000e\000n\000t\000\040\0006\000:\000\040\000C\000i\000r\000c\000u\000i\000t\000-\000C\000o\000m\000p\000l\000e\000t\000i\000o\000n\000\040\000V\000e\000l\000o\000c\000i\000t\000y\000\040\000R\000a\000t\000i\000o}{section.14}% 84
\BOOKMARK [2][-]{subsection.14.7}{\376\377\000E\000x\000p\000e\000r\000i\000m\000e\000n\000t\000\040\0007\000:\000\040\000P\000h\000a\000s\000e\000\040\000C\000l\000a\000s\000s\000i\000f\000i\000c\000a\000t\000i\000o\000n\000\040\000f\000r\000o\000m\000\040\000N\000e\000t\000w\000o\000r\000k\000\040\000D\000e\000n\000s\000i\000t\000y}{section.14}% 85
\BOOKMARK [2][-]{subsection.14.8}{\376\377\000E\000x\000p\000e\000r\000i\000m\000e\000n\000t\000\040\0008\000:\000\040\000W\000i\000e\000d\000e\000m\000a\000n\000n\040\023\000F\000r\000a\000n\000z\000\040\000U\000n\000i\000v\000e\000r\000s\000a\000l\000i\000t\000y}{section.14}% 86
\BOOKMARK [0][-]{part.7}{\376\377\000V\000I\000I\000\040\000D\000i\000s\000c\000u\000s\000s\000i\000o\000n\000\040\000a\000n\000d\000\040\000C\000o\000n\000c\000l\000u\000s\000i\000o\000n}{}% 87
\BOOKMARK [1][-]{section.15}{\376\377\000D\000i\000s\000c\000u\000s\000s\000i\000o\000n}{part.7}% 88
\BOOKMARK [2][-]{subsection.15.1}{\376\377\000W\000h\000a\000t\000\040\000H\000a\000s\000\040\000B\000e\000e\000n\000\040\000E\000s\000t\000a\000b\000l\000i\000s\000h\000e\000d}{section.15}% 89
\BOOKMARK [2][-]{subsection.15.2}{\376\377\000W\000h\000y\000\040\000T\000h\000i\000s\000\040\000I\000s\000\040\000N\000o\000t\000\040\000P\000h\000e\000n\000o\000m\000e\000n\000o\000l\000o\000g\000y}{section.15}% 90
\BOOKMARK [2][-]{subsection.15.3}{\376\377\000M\000a\000s\000s\000\040\000S\000p\000e\000c\000t\000r\000o\000m\000e\000t\000r\000y\000\040\000a\000s\000\040\000a\000\040\000S\000p\000e\000c\000i\000a\000l\000\040\000C\000a\000s\000e}{section.15}% 91
\BOOKMARK [2][-]{subsection.15.4}{\376\377\000P\000r\000e\000d\000i\000c\000t\000i\000o\000n\000s\000\040\000a\000n\000d\000\040\000E\000m\000p\000i\000r\000i\000c\000a\000l\000\040\000T\000e\000s\000t\000s}{section.15}% 92
\BOOKMARK [1][-]{section.16}{\376\377\000C\000o\000n\000c\000l\000u\000s\000i\000o\000n}{part.7}% 93
