\BOOKMARK [1][-]{section.1}{\376\377\000I\000n\000t\000r\000o\000d\000u\000c\000t\000i\000o\000n}{}% 1
\BOOKMARK [2][-]{subsection.1.1}{\376\377\000A\000\040\000q\000u\000e\000s\000t\000i\000o\000n\000\040\000a\000b\000o\000u\000t\000\040\000l\000i\000t\000h\000i\000u\000m}{section.1}% 2
\BOOKMARK [2][-]{subsection.1.2}{\376\377\000T\000h\000e\000\040\000s\000a\000m\000e\000\040\000q\000u\000e\000s\000t\000i\000o\000n\000\040\000a\000b\000o\000u\000t\000\040\000p\000e\000p\000t\000i\000d\000e\000s}{section.1}% 3
\BOOKMARK [2][-]{subsection.1.3}{\376\377\000W\000h\000a\000t\000\040\000t\000h\000i\000s\000\040\000p\000a\000p\000e\000r\000\040\000d\000o\000e\000s}{section.1}% 4
\BOOKMARK [2][-]{subsection.1.4}{\376\377\000W\000h\000a\000t\000\040\000t\000h\000i\000s\000\040\000p\000a\000p\000e\000r\000\040\000d\000o\000e\000s\000\040\000n\000o\000t\000\040\000d\000o}{section.1}% 5
\BOOKMARK [1][-]{section.2}{\376\377\000C\000o\000n\000t\000a\000c\000t\000\040\000g\000r\000a\000p\000h\000s\000\040\000a\000n\000d\000\040\000t\000h\000e\000\040\000m\000e\000d\000i\000u\000m}{}% 6
\BOOKMARK [1][-]{section.3}{\376\377\000T\000h\000e\000\040\000f\000l\000o\000o\000r}{}% 7
\BOOKMARK [1][-]{section.4}{\376\377\000I\000d\000e\000n\000t\000i\000t\000y\000\040\000i\000s\000\040\000a\000\040\000r\000e\000g\000i\000o\000n\000,\000\040\000a\000n\000d\000\040\000l\000a\000b\000e\000l\000s\000\040\000c\000a\000r\000r\000y\000\040\000n\000o\000n\000e}{}% 8
\BOOKMARK [1][-]{section.5}{\376\377\000E\000d\000g\000e\000s\000\040\000m\000e\000a\000s\000u\000r\000e\000\040\000t\000h\000e\000\040\000u\000n\000k\000n\000o\000w\000n}{}% 9
\BOOKMARK [1][-]{section.6}{\376\377\000C\000l\000o\000s\000u\000r\000e\000,\000\040\000a\000n\000d\000\040\000t\000h\000e\000\040\000t\000e\000r\000m\000i\000n\000a\000t\000i\000o\000n\000\040\000d\000i\000c\000h\000o\000t\000o\000m\000y}{}% 10
\BOOKMARK [1][-]{section.7}{\376\377\000P\000e\000p\000t\000i\000d\000e\000s}{}% 11
\BOOKMARK [2][-]{subsection.7.1}{\376\377\000T\000h\000e\000\040\000p\000e\000p\000t\000i\000d\000e\000\040\000c\000o\000n\000t\000a\000c\000t\000\040\000g\000r\000a\000p\000h}{section.7}% 12
\BOOKMARK [2][-]{subsection.7.2}{\376\377\000I\000s\000o\000b\000a\000r\000i\000c\000\040\000r\000e\000s\000i\000d\000u\000e\000s}{section.7}% 13
\BOOKMARK [2][-]{subsection.7.3}{\376\377\000W\000h\000y\000\040\000a\000\040\000s\000p\000e\000c\000t\000r\000u\000m\000-\000g\000r\000a\000p\000h\000\040\000s\000e\000a\000r\000c\000h\000\040\000c\000a\000n\000n\000o\000t\000\040\000s\000t\000o\000p}{section.7}% 14
\BOOKMARK [1][-]{section.8}{\376\377\000P\000r\000o\000m\000i\000s\000c\000u\000i\000t\000y\000\040\000a\000n\000d\000\040\000t\000h\000e\000\040\000c\000o\000l\000l\000a\000p\000s\000e\000\040\000t\000h\000e\000o\000r\000e\000m}{}% 15
\BOOKMARK [2][-]{subsection.8.1}{\376\377\000S\000e\000t\000t\000i\000n\000g}{section.8}% 16
\BOOKMARK [2][-]{subsection.8.2}{\376\377\000T\000h\000e\000\040\000c\000o\000l\000l\000a\000p\000s\000e\000\040\000t\000h\000e\000o\000r\000e\000m}{section.8}% 17
\BOOKMARK [2][-]{subsection.8.3}{\376\377\000T\000h\000e\000\040\000i\000n\000f\000e\000r\000e\000n\000c\000e\000\040\000p\000r\000o\000c\000e\000d\000u\000r\000e}{section.8}% 18
\BOOKMARK [1][-]{section.9}{\376\377\000T\000w\000o\000\040\000g\000r\000a\000p\000h\000s\000,\000\040\000o\000n\000e\000\040\000d\000e\000t\000e\000r\000m\000i\000n\000a\000t\000i\000o\000n}{}% 19
\BOOKMARK [1][-]{section.10}{\376\377\000V\000a\000l\000i\000d\000a\000t\000i\000o\000n}{}% 20
\BOOKMARK [2][-]{subsection.10.1}{\376\377\000W\000h\000a\000t\000\040\000a\000\040\000s\000u\000i\000t\000e\000\040\000c\000a\000n\000\040\000e\000s\000t\000a\000b\000l\000i\000s\000h\000\040\000h\000e\000r\000e}{section.10}% 21
\BOOKMARK [2][-]{subsection.10.2}{\376\377\000R\000e\000g\000i\000s\000t\000e\000r\000e\000d\000\040\000e\000x\000p\000e\000c\000t\000a\000t\000i\000o\000n\000s}{section.10}% 22
\BOOKMARK [2][-]{subsection.10.3}{\376\377\000R\000e\000g\000i\000s\000t\000e\000r\000e\000d\000\040\000n\000e\000g\000a\000t\000i\000v\000e\000\040\000c\000o\000n\000t\000r\000o\000l\000s}{section.10}% 23
\BOOKMARK [2][-]{subsection.10.4}{\376\377\000R\000e\000s\000u\000l\000t\000s}{section.10}% 24
\BOOKMARK [3][-]{subsubsection.10.4.1}{\376\377\000T\000h\000e\000\040\000r\000e\000f\000u\000t\000a\000t\000i\000o\000n}{subsection.10.4}% 25
\BOOKMARK [3][-]{subsubsection.10.4.2}{\376\377\000T\000w\000o\000\040\000c\000o\000n\000s\000t\000r\000u\000c\000t\000i\000o\000n\000\040\000e\000r\000r\000o\000r\000s\000,\000\040\000r\000e\000c\000o\000r\000d\000e\000d}{subsection.10.4}% 26
\BOOKMARK [1][-]{section.11}{\376\377\000L\000i\000m\000i\000t\000a\000t\000i\000o\000n\000s}{}% 27
\BOOKMARK [1][-]{section.12}{\376\377\000C\000o\000n\000c\000l\000u\000s\000i\000o\000n}{}% 28
