\BOOKMARK [1][-]{section.1}{\376\377\000I\000n\000t\000r\000o\000d\000u\000c\000t\000i\000o\000n}{}% 1
\BOOKMARK [2][-]{subsection.1.1}{\376\377\000W\000h\000a\000t\000\040\000a\000\040\000m\000a\000s\000s\000\040\000s\000p\000e\000c\000t\000r\000o\000m\000e\000t\000e\000r\000\040\000a\000c\000t\000u\000a\000l\000l\000y\000\040\000d\000o\000e\000s}{section.1}% 2
\BOOKMARK [2][-]{subsection.1.2}{\376\377\000T\000h\000e\000\040\000t\000r\000a\000j\000e\000c\000t\000o\000r\000y\000\040\000c\000o\000m\000p\000l\000e\000t\000i\000o\000n\000\040\000v\000i\000e\000w}{section.1}% 3
\BOOKMARK [2][-]{subsection.1.3}{\376\377\000T\000h\000e\000\040\000a\000p\000p\000a\000r\000a\000t\000u\000s}{section.1}% 4
\BOOKMARK [2][-]{subsection.1.4}{\376\377\000W\000h\000a\000t\000\040\000t\000h\000i\000s\000\040\000a\000p\000p\000a\000r\000a\000t\000u\000s\000\040\000c\000a\000n\000\040\000d\000o\000\040\000t\000h\000a\000t\000\040\000c\000o\000n\000v\000e\000n\000t\000i\000o\000n\000a\000l\000\040\000M\000S\000\040\000c\000a\000n\000n\000o\000t}{section.1}% 5
\BOOKMARK [2][-]{subsection.1.5}{\376\377\000P\000a\000p\000e\000r\000\040\000s\000t\000r\000u\000c\000t\000u\000r\000e}{section.1}% 6
\BOOKMARK [1][-]{section.2}{\376\377\000T\000h\000e\000o\000r\000e\000t\000i\000c\000a\000l\000\040\000F\000o\000u\000n\000d\000a\000t\000i\000o\000n}{}% 7
\BOOKMARK [2][-]{subsection.2.1}{\376\377\000B\000o\000u\000n\000d\000e\000d\000\040\000p\000h\000a\000s\000e\000\040\000s\000p\000a\000c\000e\000\040\000a\000n\000d\000\040\000P\000o\000i\000n\000c\000a\000r\000\351\000\040\000r\000e\000c\000u\000r\000r\000e\000n\000c\000e}{section.2}% 8
\BOOKMARK [2][-]{subsection.2.2}{\376\377\000P\000a\000r\000t\000i\000t\000i\000o\000n\000\040\000c\000o\000o\000r\000d\000i\000n\000a\000t\000e\000s}{section.2}% 9
\BOOKMARK [2][-]{subsection.2.3}{\376\377\000T\000h\000e\000\040\000L\000a\000g\000r\000a\000n\000g\000i\000a\000n\000\040\000f\000o\000r\000\040\000c\000h\000a\000r\000g\000e\000d\000-\000p\000a\000r\000t\000i\000c\000l\000e\000\040\000d\000y\000n\000a\000m\000i\000c\000s\000\040\000i\000n\000\040\000t\000h\000e\000\040\000p\000a\000r\000t\000i\000t\000i\000o\000n\000\040\000s\000y\000s\000t\000e\000m}{section.2}% 10
\BOOKMARK [2][-]{subsection.2.4}{\376\377\000R\000e\000c\000o\000v\000e\000r\000y\000\040\000o\000f\000\040\000t\000h\000e\000\040\000f\000o\000u\000r\000\040\000m\000a\000j\000o\000r\000\040\000a\000n\000a\000l\000y\000z\000e\000r\000\040\000t\000y\000p\000e\000s}{section.2}% 11
\BOOKMARK [2][-]{subsection.2.5}{\376\377\000T\000r\000a\000j\000e\000c\000t\000o\000r\000y\000\040\000c\000o\000m\000p\000l\000e\000t\000i\000o\000n}{section.2}% 12
\BOOKMARK [1][-]{section.3}{\376\377\000T\000r\000i\000p\000l\000e\000\040\000E\000q\000u\000i\000v\000a\000l\000e\000n\000c\000e\000:\000\040\000O\000s\000c\000i\000l\000l\000a\000t\000o\000r\000y\000,\000\040\000C\000a\000t\000e\000g\000o\000r\000i\000c\000a\000l\000,\000\040\000P\000a\000r\000t\000i\000t\000i\000o\000n}{}% 13
\BOOKMARK [2][-]{subsection.3.1}{\376\377\000O\000s\000c\000i\000l\000l\000a\000t\000o\000r\000y\000\040\000\040\000p\000a\000r\000t\000i\000t\000i\000o\000n}{section.3}% 14
\BOOKMARK [2][-]{subsection.3.2}{\376\377\000C\000a\000t\000e\000g\000o\000r\000i\000c\000a\000l\000\040\000\040\000p\000a\000r\000t\000i\000t\000i\000o\000n}{section.3}% 15
\BOOKMARK [2][-]{subsection.3.3}{\376\377\000T\000r\000i\000p\000l\000e\000\040\000e\000q\000u\000i\000v\000a\000l\000e\000n\000c\000e}{section.3}% 16
\BOOKMARK [1][-]{section.4}{\376\377\000H\000a\000r\000d\000w\000a\000r\000e\000\040\000O\000s\000c\000i\000l\000l\000a\000t\000o\000r\000s\000\040\000a\000s\000\040\000P\000a\000r\000t\000i\000t\000i\000o\000n\000\040\000S\000u\000b\000s\000t\000r\000a\000t\000e\000s}{}% 17
\BOOKMARK [2][-]{subsection.4.1}{\376\377\000I\000n\000v\000e\000n\000t\000o\000r\000y\000\040\000o\000f\000\040\000a\000v\000a\000i\000l\000a\000b\000l\000e\000\040\000o\000s\000c\000i\000l\000l\000a\000t\000o\000r\000s}{section.4}% 18
\BOOKMARK [2][-]{subsection.4.2}{\376\377\000S\000u\000b\000s\000t\000r\000a\000t\000e\000\040\000s\000e\000l\000e\000c\000t\000i\000o\000n\000\040\000c\000r\000i\000t\000e\000r\000i\000a}{section.4}% 19
\BOOKMARK [2][-]{subsection.4.3}{\376\377\000S\000e\000l\000e\000c\000t\000e\000d\000\040\000s\000u\000b\000s\000t\000r\000a\000t\000e\000\040\000s\000t\000a\000c\000k}{section.4}% 20
\BOOKMARK [2][-]{subsection.4.4}{\376\377\000W\000h\000y\000\040\000t\000h\000e\000s\000e\000\040\000c\000h\000a\000n\000n\000e\000l\000s\000\040\000i\000n\000\040\000t\000h\000i\000s\000\040\000o\000r\000d\000e\000r}{section.4}% 21
\BOOKMARK [1][-]{section.5}{\376\377\000A\000p\000p\000a\000r\000a\000t\000u\000s\000\040\000A\000r\000c\000h\000i\000t\000e\000c\000t\000u\000r\000e}{}% 22
\BOOKMARK [2][-]{subsection.5.1}{\376\377\000B\000o\000u\000n\000d\000a\000r\000y\000\040\000c\000o\000n\000d\000i\000t\000i\000o\000n\000\040\000i\000n\000p\000u\000t}{section.5}% 23
\BOOKMARK [2][-]{subsection.5.2}{\376\377\000F\000i\000e\000l\000d\000\040\000C\000o\000n\000f\000i\000g\000u\000r\000a\000t\000i\000o\000n\000\040\000U\000n\000i\000t}{section.5}% 24
\BOOKMARK [2][-]{subsection.5.3}{\376\377\000S\000u\000b\000s\000t\000r\000a\000t\000e}{section.5}% 25
\BOOKMARK [2][-]{subsection.5.4}{\376\377\000S\000y\000m\000p\000l\000e\000c\000t\000i\000c\000\040\000i\000n\000t\000e\000g\000r\000a\000t\000o\000r}{section.5}% 26
\BOOKMARK [2][-]{subsection.5.5}{\376\377\000C\000o\000m\000p\000l\000e\000t\000i\000o\000n\000\040\000d\000e\000t\000e\000c\000t\000o\000r}{section.5}% 27
\BOOKMARK [2][-]{subsection.5.6}{\376\377\000R\000e\000a\000d\000o\000u\000t}{section.5}% 28
\BOOKMARK [1][-]{section.6}{\376\377\000M\000e\000t\000h\000o\000d\000s\000:\000\040\000H\000a\000r\000d\000w\000a\000r\000e\000-\000t\000o\000-\000T\000r\000a\000j\000e\000c\000t\000o\000r\000y\000\040\000M\000a\000p\000p\000i\000n\000g}{}% 29
\BOOKMARK [2][-]{subsection.6.1}{\376\377\000P\000r\000i\000n\000c\000i\000p\000a\000l\000\040\000c\000o\000o\000r\000d\000i\000n\000a\000t\000e\000\040\000n\000\040\000o\000n\000\040\000t\000h\000e\000\040\000s\000y\000s\000t\000e\000m\000\040\000c\000l\000o\000c\000k}{section.6}% 30
\BOOKMARK [2][-]{subsection.6.2}{\376\377\000A\000n\000g\000u\000l\000a\000r\000\040\000c\000o\000o\000r\000d\000i\000n\000a\000t\000e\000\040\000\040\000o\000n\000\040\000t\000h\000e\000\040\000s\000y\000s\000t\000e\000m\000\040\000b\000u\000s\000\040\000p\000h\000a\000s\000e}{section.6}% 31
\BOOKMARK [2][-]{subsection.6.3}{\376\377\000M\000a\000g\000n\000e\000t\000i\000c\000\040\000c\000o\000o\000r\000d\000i\000n\000a\000t\000e\000\040\000m\000\040\000o\000n\000\040\000t\000h\000e\000\040\000p\000h\000o\000t\000o\000n\000i\000c\000\040\000c\000h\000a\000n\000n\000e\000l}{section.6}% 32
\BOOKMARK [2][-]{subsection.6.4}{\376\377\000S\000p\000i\000n\000\040\000c\000o\000o\000r\000d\000i\000n\000a\000t\000e\000\040\000s\000\040\000o\000n\000\040\000t\000h\000e\000\040\000D\000R\000A\000M\000\040\000r\000e\000f\000r\000e\000s\000h}{section.6}% 33
\BOOKMARK [2][-]{subsection.6.5}{\376\377\000P\000a\000r\000t\000i\000t\000i\000o\000n\000\040\000i\000n\000e\000r\000t\000i\000a\000\040\000\040\000a\000s\000\040\000i\000n\000t\000e\000g\000r\000a\000t\000i\000o\000n\000\040\000w\000e\000i\000g\000h\000t}{section.6}% 34
\BOOKMARK [2][-]{subsection.6.6}{\376\377\000F\000i\000e\000l\000d\000\040\000M\000\050\000x\000,\000t\000\051\000\040\000a\000s\000\040\000F\000P\000G\000A\000\040\000b\000i\000t\000-\000s\000t\000r\000e\000a\000m}{section.6}% 35
\BOOKMARK [2][-]{subsection.6.7}{\376\377\000V\000e\000c\000t\000o\000r\000\040\000p\000o\000t\000e\000n\000t\000i\000a\000l\000\040\000A\000M\000\050\000x\000\051\000\040\000a\000s\000\040\000i\000n\000t\000e\000r\000-\000c\000h\000a\000n\000n\000e\000l\000\040\000p\000h\000a\000s\000e\000\040\000c\000o\000u\000p\000l\000i\000n\000g}{section.6}% 36
\BOOKMARK [2][-]{subsection.6.8}{\376\377\000S\000u\000m\000m\000a\000r\000y\000\040\000m\000a\000p\000p\000i\000n\000g\000\040\000t\000a\000b\000l\000e}{section.6}% 37
\BOOKMARK [2][-]{subsection.6.9}{\376\377\000C\000a\000l\000i\000b\000r\000a\000t\000i\000o\000n}{section.6}% 38
\BOOKMARK [1][-]{section.7}{\376\377\000F\000i\000e\000l\000d\000\040\000C\000o\000n\000f\000i\000g\000u\000r\000a\000t\000i\000o\000n\000s}{}% 39
\BOOKMARK [2][-]{subsection.7.1}{\376\377\000P\000r\000e\000-\000c\000o\000m\000p\000i\000l\000e\000d\000\040\000c\000o\000n\000f\000i\000g\000u\000r\000a\000t\000i\000o\000n\000s}{section.7}% 40
\BOOKMARK [2][-]{subsection.7.2}{\376\377\000P\000r\000o\000g\000r\000a\000m\000m\000a\000b\000l\000e\000\040\000f\000i\000e\000l\000d\000s}{section.7}% 41
\BOOKMARK [2][-]{subsection.7.3}{\376\377\000F\000i\000e\000l\000d\000\040\000v\000a\000l\000i\000d\000i\000t\000y\000\040\000c\000o\000n\000s\000t\000r\000a\000i\000n\000t\000s}{section.7}% 42
\BOOKMARK [1][-]{section.8}{\376\377\000S\000y\000m\000p\000l\000e\000c\000t\000i\000c\000\040\000I\000n\000t\000e\000g\000r\000a\000t\000i\000o\000n\000\040\000o\000n\000\040\000t\000h\000e\000\040\000S\000u\000b\000s\000t\000r\000a\000t\000e}{}% 43
\BOOKMARK [2][-]{subsection.8.1}{\376\377\000V\000e\000l\000o\000c\000i\000t\000y\000\040\000V\000e\000r\000l\000e\000t\000\040\000s\000c\000h\000e\000m\000e}{section.8}% 44
\BOOKMARK [2][-]{subsection.8.2}{\376\377\000H\000i\000g\000h\000e\000r\000-\000o\000r\000d\000e\000r\000\040\000s\000c\000h\000e\000m\000e\000s}{section.8}% 45
\BOOKMARK [2][-]{subsection.8.3}{\376\377\000S\000t\000e\000p\000\040\000s\000i\000z\000e\000\040\000s\000e\000l\000e\000c\000t\000i\000o\000n}{section.8}% 46
\BOOKMARK [2][-]{subsection.8.4}{\376\377\000N\000u\000m\000e\000r\000i\000c\000a\000l\000\040\000p\000r\000e\000c\000i\000s\000i\000o\000n}{section.8}% 47
\BOOKMARK [2][-]{subsection.8.5}{\376\377\000E\000n\000e\000r\000g\000y\000\040\000d\000r\000i\000f\000t\000\040\000b\000o\000u\000n\000d}{section.8}% 48
\BOOKMARK [1][-]{section.9}{\376\377\000T\000r\000a\000j\000e\000c\000t\000o\000r\000y\000\040\000C\000o\000m\000p\000l\000e\000t\000i\000o\000n\000\040\000a\000n\000d\000\040\000D\000e\000t\000e\000c\000t\000i\000o\000n}{}% 49
\BOOKMARK [2][-]{subsection.9.1}{\376\377\000C\000o\000m\000p\000l\000e\000t\000i\000o\000n\000\040\000c\000r\000i\000t\000e\000r\000i\000o\000n}{section.9}% 50
\BOOKMARK [2][-]{subsection.9.2}{\376\377\000F\000a\000l\000s\000e\000\040\000c\000o\000m\000p\000l\000e\000t\000i\000o\000n\000\040\000r\000e\000j\000e\000c\000t\000i\000o\000n}{section.9}% 51
\BOOKMARK [2][-]{subsection.9.3}{\376\377\000M\000u\000l\000t\000i\000p\000l\000e\000\040\000s\000t\000a\000b\000l\000e\000\040\000b\000a\000s\000i\000n\000s}{section.9}% 52
\BOOKMARK [2][-]{subsection.9.4}{\376\377\000T\000e\000m\000p\000o\000r\000a\000l\000\040\000r\000e\000s\000o\000l\000u\000t\000i\000o\000n\000\040\000o\000f\000\040\000c\000o\000m\000p\000l\000e\000t\000i\000o\000n}{section.9}% 53
\BOOKMARK [2][-]{subsection.9.5}{\376\377\000D\000e\000t\000e\000c\000t\000i\000o\000n\000\040\000e\000v\000e\000n\000t\000\040\000f\000o\000r\000m\000a\000t}{section.9}% 54
\BOOKMARK [1][-]{section.10}{\376\377\000O\000p\000e\000r\000a\000t\000i\000n\000g\000\040\000M\000o\000d\000e\000s}{}% 55
\BOOKMARK [2][-]{subsection.10.1}{\376\377\000T\000C\000-\000D\000D\000A\000:\000\040\000T\000r\000a\000j\000e\000c\000t\000o\000r\000y\000\040\000C\000o\000m\000p\000l\000e\000t\000i\000o\000n\000\040\000D\000a\000t\000a\000-\000D\000e\000p\000e\000n\000d\000e\000n\000t\000\040\000A\000c\000q\000u\000i\000s\000i\000t\000i\000o\000n}{section.10}% 56
\BOOKMARK [2][-]{subsection.10.2}{\376\377\000T\000C\000-\000D\000I\000A\000:\000\040\000T\000r\000a\000j\000e\000c\000t\000o\000r\000y\000\040\000C\000o\000m\000p\000l\000e\000t\000i\000o\000n\000\040\000D\000a\000t\000a\000-\000I\000n\000d\000e\000p\000e\000n\000d\000e\000n\000t\000\040\000A\000c\000q\000u\000i\000s\000i\000t\000i\000o\000n}{section.10}% 57
\BOOKMARK [2][-]{subsection.10.3}{\376\377\000T\000C\000-\000S\000W\000A\000T\000H\000:\000\040\000T\000r\000a\000j\000e\000c\000t\000o\000r\000y\000\040\000C\000o\000m\000p\000l\000e\000t\000i\000o\000n\000\040\000S\000e\000q\000u\000e\000n\000t\000i\000a\000l\000\040\000W\000i\000n\000d\000o\000w\000\040\000A\000c\000q\000u\000i\000s\000i\000t\000i\000o\000n}{section.10}% 58
\BOOKMARK [2][-]{subsection.10.4}{\376\377\000T\000C\000-\000S\000R\000M\000\040\000a\000n\000d\000\040\000T\000C\000-\000M\000R\000M\000:\000\040\000T\000r\000a\000j\000e\000c\000t\000o\000r\000y\000\040\000C\000o\000m\000p\000l\000e\000t\000i\000o\000n\000\040\000S\000e\000l\000e\000c\000t\000e\000d\000/\000M\000u\000l\000t\000i\000p\000l\000e\000\040\000R\000e\000a\000c\000t\000i\000o\000n\000\040\000M\000o\000n\000i\000t\000o\000r\000i\000n\000g}{section.10}% 59
\BOOKMARK [2][-]{subsection.10.5}{\376\377\000T\000C\000-\000P\000R\000M\000:\000\040\000T\000r\000a\000j\000e\000c\000t\000o\000r\000y\000\040\000C\000o\000m\000p\000l\000e\000t\000i\000o\000n\000\040\000P\000a\000r\000a\000l\000l\000e\000l\000\040\000R\000e\000a\000c\000t\000i\000o\000n\000\040\000M\000o\000n\000i\000t\000o\000r\000i\000n\000g}{section.10}% 60
\BOOKMARK [2][-]{subsection.10.6}{\376\377\000T\000C\000-\000X\000T\000:\000\040\000E\000x\000t\000e\000n\000d\000e\000d\000\040\000T\000r\000a\000p\000\040\000M\000o\000d\000e\000\040\000\050\000u\000n\000i\000q\000u\000e\000\051}{section.10}% 61
\BOOKMARK [2][-]{subsection.10.7}{\376\377\000M\000o\000d\000e\000\040\000c\000o\000m\000p\000a\000r\000i\000s\000o\000n}{section.10}% 62
\BOOKMARK [2][-]{subsection.10.8}{\376\377\000H\000y\000b\000r\000i\000d\000\040\000m\000o\000d\000e\000s}{section.10}% 63
\BOOKMARK [1][-]{section.11}{\376\377\000R\000e\000s\000o\000l\000u\000t\000i\000o\000n\000\040\000a\000n\000d\000\040\000S\000e\000n\000s\000i\000t\000i\000v\000i\000t\000y\000\040\000S\000c\000a\000l\000i\000n\000g}{}% 64
\BOOKMARK [2][-]{subsection.11.1}{\376\377\000R\000e\000s\000o\000l\000u\000t\000i\000o\000n\000\040\000s\000c\000a\000l\000i\000n\000g}{section.11}% 65
\BOOKMARK [2][-]{subsection.11.2}{\376\377\000T\000h\000e\000\040\000t\000r\000a\000p\000\040\000r\000e\000s\000i\000d\000e\000n\000c\000e\000\040\000a\000d\000v\000a\000n\000t\000a\000g\000e}{section.11}% 66
\BOOKMARK [2][-]{subsection.11.3}{\376\377\000S\000e\000n\000s\000i\000t\000i\000v\000i\000t\000y\000\040\000s\000c\000a\000l\000i\000n\000g}{section.11}% 67
\BOOKMARK [2][-]{subsection.11.4}{\376\377\000M\000a\000s\000s\000\040\000a\000c\000c\000u\000r\000a\000c\000y}{section.11}% 68
\BOOKMARK [1][-]{section.12}{\376\377\000N\000o\000i\000s\000e\000\040\000S\000o\000u\000r\000c\000e\000s\000\040\000a\000n\000d\000\040\000A\000l\000l\000a\000n\000\040\000D\000e\000v\000i\000a\000t\000i\000o\000n}{}% 69
\BOOKMARK [2][-]{subsection.12.1}{\376\377\000S\000u\000b\000s\000t\000r\000a\000t\000e\000\040\000n\000o\000i\000s\000e}{section.12}% 70
\BOOKMARK [2][-]{subsection.12.2}{\376\377\000I\000n\000t\000e\000g\000r\000a\000t\000o\000r\000\040\000n\000o\000i\000s\000e}{section.12}% 71
\BOOKMARK [2][-]{subsection.12.3}{\376\377\000F\000i\000e\000l\000d\000\040\000c\000o\000n\000f\000i\000g\000u\000r\000a\000t\000i\000o\000n\000\040\000n\000o\000i\000s\000e}{section.12}% 72
\BOOKMARK [2][-]{subsection.12.4}{\376\377\000D\000e\000t\000e\000c\000t\000i\000o\000n\000\040\000n\000o\000i\000s\000e}{section.12}% 73
\BOOKMARK [2][-]{subsection.12.5}{\376\377\000T\000o\000t\000a\000l\000\040\000n\000o\000i\000s\000e\000\040\000f\000l\000o\000o\000r}{section.12}% 74
\BOOKMARK [2][-]{subsection.12.6}{\376\377\000N\000o\000i\000s\000e\000\040\000s\000c\000a\000l\000i\000n\000g\000\040\000w\000i\000t\000h\000\040\000r\000e\000s\000i\000d\000e\000n\000c\000e\000\040\000t\000i\000m\000e}{section.12}% 75
\BOOKMARK [1][-]{section.13}{\376\377\000V\000a\000l\000i\000d\000a\000t\000i\000o\000n\000\040\000P\000l\000a\000n}{}% 76
\BOOKMARK [2][-]{subsection.13.1}{\376\377\000C\000l\000a\000s\000s\000\040\000A\000:\000\040\000R\000e\000p\000r\000o\000d\000u\000c\000i\000n\000g\000\040\000c\000o\000n\000v\000e\000n\000t\000i\000o\000n\000a\000l\000\040\000M\000S\000\040\000s\000p\000e\000c\000t\000r\000a}{section.13}% 77
\BOOKMARK [2][-]{subsection.13.2}{\376\377\000C\000l\000a\000s\000s\000\040\000B\000:\000\040\000C\000r\000o\000s\000s\000-\000v\000a\000l\000i\000d\000a\000t\000i\000o\000n\000\040\000w\000i\000t\000h\000\040\000c\000o\000n\000v\000e\000n\000t\000i\000o\000n\000a\000l\000\040\000i\000n\000s\000t\000r\000u\000m\000e\000n\000t\000s}{section.13}% 78
\BOOKMARK [2][-]{subsection.13.3}{\376\377\000C\000l\000a\000s\000s\000\040\000C\000:\000\040\000D\000e\000m\000o\000n\000s\000t\000r\000a\000t\000i\000o\000n\000\040\000o\000f\000\040\000c\000a\000p\000a\000b\000i\000l\000i\000t\000i\000e\000s\000\040\000b\000e\000y\000o\000n\000d\000\040\000c\000o\000n\000v\000e\000n\000t\000i\000o\000n\000a\000l\000\040\000M\000S}{section.13}% 79
\BOOKMARK [2][-]{subsection.13.4}{\376\377\000A\000c\000c\000e\000p\000t\000a\000n\000c\000e\000\040\000m\000e\000t\000r\000i\000c\000s}{section.13}% 80
\BOOKMARK [1][-]{section.14}{\376\377\000C\000a\000p\000a\000b\000i\000l\000i\000t\000y\000\040\000C\000o\000m\000p\000a\000r\000i\000s\000o\000n\000\040\000w\000i\000t\000h\000\040\000C\000o\000n\000v\000e\000n\000t\000i\000o\000n\000a\000l\000\040\000M\000S}{}% 81
\BOOKMARK [2][-]{subsection.14.1}{\376\377\000Q\000u\000a\000n\000t\000i\000t\000a\000t\000i\000v\000e\000\040\000g\000a\000i\000n\000\040\000v\000s\000.\000\040\000q\000u\000a\000l\000i\000t\000a\000t\000i\000v\000e\000\040\000g\000a\000i\000n}{section.14}% 82
\BOOKMARK [1][-]{section.15}{\376\377\000L\000i\000m\000i\000t\000a\000t\000i\000o\000n\000s}{}% 83
\BOOKMARK [2][-]{subsection.15.1}{\376\377\000L\000i\000b\000r\000a\000r\000y\000\040\000d\000e\000p\000e\000n\000d\000e\000n\000c\000e\000\040\000f\000o\000r\000\040\000p\000r\000e\000d\000i\000c\000t\000i\000v\000e\000\040\000m\000o\000d\000e}{section.15}% 84
\BOOKMARK [2][-]{subsection.15.2}{\376\377\000F\000i\000e\000l\000d\000\040\000c\000o\000n\000f\000i\000g\000u\000r\000a\000t\000i\000o\000n\000\040\000r\000e\000s\000t\000r\000i\000c\000t\000i\000o\000n\000s}{section.15}% 85
\BOOKMARK [2][-]{subsection.15.3}{\376\377\000S\000u\000b\000s\000t\000r\000a\000t\000e\000\040\000n\000o\000i\000s\000e\000\040\000f\000l\000o\000o\000r}{section.15}% 86
\BOOKMARK [2][-]{subsection.15.4}{\376\377\000V\000a\000l\000i\000d\000a\000t\000i\000o\000n\000\040\000o\000f\000\040\000q\000u\000a\000l\000i\000t\000a\000t\000i\000v\000e\000\040\000g\000a\000i\000n\000s}{section.15}% 87
\BOOKMARK [2][-]{subsection.15.5}{\376\377\000C\000o\000s\000t\000\040\000a\000n\000d\000\040\000c\000o\000m\000p\000l\000e\000x\000i\000t\000y}{section.15}% 88
\BOOKMARK [2][-]{subsection.15.6}{\376\377\000C\000o\000m\000p\000a\000r\000a\000b\000i\000l\000i\000t\000y\000\040\000a\000n\000d\000\040\000a\000c\000c\000e\000p\000t\000a\000n\000c\000e}{section.15}% 89
\BOOKMARK [1][-]{section.16}{\376\377\000D\000i\000s\000c\000u\000s\000s\000i\000o\000n}{}% 90
\BOOKMARK [2][-]{subsection.16.1}{\376\377\000R\000e\000f\000r\000a\000m\000i\000n\000g\000\040\000w\000h\000a\000t\000\040\000`\000`\000m\000a\000s\000s\000\040\000s\000p\000e\000c\000t\000r\000o\000m\000e\000t\000r\000y\000'\000'\000\040\000m\000e\000a\000n\000s}{section.16}% 91
\BOOKMARK [2][-]{subsection.16.2}{\376\377\000T\000h\000e\000\040\0009\0009\000\045\000\040\000s\000c\000a\000f\000f\000o\000l\000d\000i\000n\000g\000\040\000r\000e\000v\000i\000s\000i\000t\000e\000d}{section.16}% 92
\BOOKMARK [2][-]{subsection.16.3}{\376\377\000I\000m\000p\000l\000i\000c\000a\000t\000i\000o\000n\000s\000\040\000f\000o\000r\000\040\000c\000h\000e\000m\000i\000c\000a\000l\000\040\000a\000n\000a\000l\000y\000s\000i\000s}{section.16}% 93
\BOOKMARK [2][-]{subsection.16.4}{\376\377\000I\000m\000p\000l\000i\000c\000a\000t\000i\000o\000n\000s\000\040\000f\000o\000r\000\040\000i\000n\000s\000t\000r\000u\000m\000e\000n\000t\000a\000t\000i\000o\000n}{section.16}% 94
\BOOKMARK [2][-]{subsection.16.5}{\376\377\000W\000h\000a\000t\000\040\000w\000e\000\040\000h\000a\000v\000e\000\040\000n\000o\000t\000\040\000d\000o\000n\000e}{section.16}% 95
\BOOKMARK [1][-]{section.17}{\376\377\000C\000o\000n\000c\000l\000u\000s\000i\000o\000n}{}% 96
